import time: self [us] | cumulative | imported package
import time:        50 |         50 |   _io
import time:        11 |         11 |   marshal
import time:       108 |        108 |   posix
import time:       115 |        282 | _frozen_importlib_external
import time:       249 |        249 |   time
import time:        37 |        286 | zipimport
import time:        24 |         24 |     _codecs
import time:       124 |        148 |   codecs
import time:      1236 |       1236 |   encodings.aliases
import time:      1057 |       2440 | encodings
import time:       145 |        145 | encodings.utf_8
import time:        26 |         26 | _signal
import time:         9 |          9 |     _abc
import time:        40 |         49 |   abc
import time:        53 |        101 | io
import time:        15 |         15 |       _stat
import time:        17 |         31 |     stat
import time:       235 |        235 |     _collections_abc
import time:        15 |         15 |       genericpath
import time:        19 |         34 |     posixpath
import time:        95 |        394 |   os
import time:        19 |         19 |   _sitebuiltins
import time:       174 |        174 |   sitecustomize
import time:       348 |        934 | site
import time:       209 |        209 |         django.utils
import time:        22 |         22 |           math
import time:        46 |         46 |             _operator
import time:       283 |        328 |           operator
import time:        35 |         35 |           _datetime
import time:       513 |        897 |         datetime
import time:        28 |         28 |             itertools
import time:       163 |        163 |             keyword
import time:       176 |        176 |             reprlib
import time:        17 |         17 |             _collections
import time:       471 |        852 |           collections
import time:       213 |        213 |           types
import time:        17 |         17 |           _functools
import time:       347 |       1427 |         functools
import time:        19 |         19 |           errno
import time:       875 |        875 |               enum
import time:        21 |         21 |                 _sre
import time:       246 |        246 |                   re._constants
import time:       309 |        554 |                 re._parser
import time:       156 |        156 |                 re._casefix
import time:       324 |       1054 |               re._compiler
import time:       193 |        193 |               copyreg
import time:       266 |       2387 |             re
import time:        22 |         22 |             _locale
import time:       460 |       2868 |           locale
import time:       303 |        303 |           signal
import time:       172 |        172 |             _weakrefset
import time:       376 |        547 |           threading
import time:       243 |        243 |           warnings
import time:       236 |        236 |           contextlib
import time:        14 |         14 |           fcntl
import time:        21 |         21 |           msvcrt
import time:        10 |         10 |           _posixsubprocess
import time:        27 |         27 |           select
import time:       207 |        207 |             collections.abc
import time:       328 |        534 |           selectors
import time:       360 |       5176 |         subprocess
import time:       290 |        290 |               weakref
import time:        19 |         19 |                   org
import time:         5 |         24 |                 org.python
import time:         5 |         29 |               org.python.core
import time:       193 |        511 |             copy
import time:       272 |        782 |           django.utils.functional
import time:       196 |        978 |         django.utils.regex_helper
import time:       242 |       8927 |       django.utils.version
import time:       217 |       9144 |     django
import time:       128 |       9271 |   django.core
import time:       208 |        208 |     importlib
import time:       168 |        168 |       importlib._abc
import time:        41 |        209 |     importlib.util
import time:        16 |         16 |     importlib.machinery
import time:        12 |         12 |       _typing
import time:       959 |        971 |     typing
import time:       273 |       1675 |   pkgutil
import time:       456 |        456 |     gettext
import time:       338 |        793 |   argparse
import time:        16 |         16 |       _heapq
import time:       208 |        223 |     heapq
import time:       393 |        615 |   difflib
import time:       328 |        328 |           _ast
import time:       752 |       1080 |         ast
import time:         9 |          9 |             _opcode
import time:       210 |        218 |           opcode
import time:       413 |        630 |         dis
import time:       146 |        146 |             token
import time:       455 |        601 |           tokenize
import time:       188 |        789 |         linecache
import time:       669 |       3166 |       inspect
import time:       141 |        141 |         django.utils.hashable
import time:       413 |        554 |       django.core.exceptions
import time:       177 |        177 |       django.utils.module_loading
import time:       196 |       4091 |     django.apps.config
import time:       229 |        229 |     django.apps.registry
import time:       147 |       4466 |   django.apps
import time:       488 |        488 |       textwrap
import time:       334 |        822 |     traceback
import time:       175 |        175 |       fnmatch
import time:        22 |         22 |         _winapi
import time:        19 |         19 |         nt
import time:        22 |         22 |         nt
import time:        16 |         16 |         nt
import time:        16 |         16 |         nt
import time:        16 |         16 |         nt
import time:        34 |        143 |       ntpath
import time:       164 |        164 |         urllib
import time:       634 |        634 |         ipaddress
import time:       558 |       1355 |       urllib.parse
import time:       459 |       2130 |     pathlib
import time:       306 |        306 |     django.conf.global_settings
import time:       167 |        167 |         asgiref
import time:       208 |        208 |               concurrent
import time:        14 |         14 |                     _string
import time:       375 |        389 |                   string
import time:        14 |         14 |                   atexit
import time:       755 |       1157 |                 logging
import time:       360 |       1516 |               concurrent.futures._base
import time:       277 |       2000 |             concurrent.futures
import time:        56 |         56 |               _socket
import time:        35 |         35 |               array
import time:       646 |        735 |             socket
import time:       617 |        617 |               _ssl
import time:        23 |         23 |                   _struct
import time:       173 |        196 |                 struct
import time:        21 |         21 |                 binascii
import time:       273 |        490 |               base64
import time:      1007 |       2113 |             ssl
import time:       123 |        123 |             asyncio.constants
import time:        79 |         79 |             asyncio.coroutines
import time:        11 |         11 |                 _contextvars
import time:        65 |         76 |               contextvars
import time:       165 |        165 |               asyncio.format_helpers
import time:       135 |        135 |                 asyncio.base_futures
import time:       121 |        121 |                 asyncio.exceptions
import time:       167 |        167 |                 asyncio.base_tasks
import time:        43 |        465 |               _asyncio
import time:       363 |       1067 |             asyncio.events
import time:       216 |        216 |             asyncio.futures
import time:       166 |        166 |             asyncio.protocols
import time:       229 |        229 |               asyncio.transports
import time:       162 |        162 |               asyncio.log
import time:       364 |        754 |             asyncio.sslproto
import time:       159 |        159 |                 asyncio.mixins
import time:       289 |        289 |                 asyncio.tasks
import time:       285 |        732 |               asyncio.locks
import time:       195 |        926 |             asyncio.staggered
import time:       218 |        218 |             asyncio.trsock
import time:       465 |       8859 |           asyncio.base_events
import time:       228 |        228 |           asyncio.runners
import time:       211 |        211 |           asyncio.queues
import time:       403 |        403 |           asyncio.streams
import time:       215 |        215 |           asyncio.subprocess
import time:       493 |        493 |           asyncio.taskgroups
import time:       362 |        362 |           asyncio.timeouts
import time:       592 |        592 |           asyncio.threads
import time:       268 |        268 |             asyncio.base_subprocess
import time:       299 |        299 |             asyncio.selector_events
import time:       390 |        956 |           asyncio.unix_events
import time:       221 |      12535 |         asyncio
import time:        20 |         20 |             _queue
import time:       213 |        232 |           queue
import time:       207 |        439 |         concurrent.futures.thread
import time:       203 |        203 |         asgiref.current_thread_executor
import time:       171 |        171 |         asgiref.local
import time:       397 |      13908 |       asgiref.sync
import time:       204 |      14111 |     django.utils.deprecation
import time:       246 |      17613 |   django.conf
import time:       240 |        240 |       django.core.checks.messages
import time:      1008 |       1008 |         django.utils.inspect
import time:       153 |       1161 |       django.core.checks.registry
import time:       185 |        185 |       django.core.checks.async_checks
import time:       275 |        275 |               django.dispatch.dispatcher
import time:        91 |        366 |             django.dispatch
import time:       437 |        802 |           django.core.signals
import time:       191 |        191 |             django.core.cache.backends
import time:       225 |        416 |           django.core.cache.backends.base
import time:        86 |         86 |           django.utils.connection
import time:       211 |       1513 |         django.core.cache
import time:       211 |        211 |           glob
import time:       138 |        138 |             _compat_pickle
import time:        31 |         31 |             _pickle
import time:        21 |         21 |                 org
import time:         5 |         25 |               org.python
import time:         5 |         29 |             org.python.core
import time:       390 |        586 |           pickle
import time:         8 |          8 |               _bisect
import time:       134 |        142 |             bisect
import time:         9 |          9 |             _random
import time:         8 |          8 |             _sha512
import time:       315 |        472 |           random
import time:        21 |         21 |               zlib
import time:       184 |        184 |                 _compression
import time:         9 |          9 |                 _bz2
import time:       173 |        365 |               bz2
import time:        19 |         19 |                 _lzma
import time:       201 |        220 |               lzma
import time:       613 |       1218 |             shutil
import time:       245 |       1462 |           tempfile
import time:       627 |        627 |             _hashlib
import time:        14 |         14 |             _blake2
import time:       229 |        868 |           hashlib
import time:        79 |         79 |               django.core.files.utils
import time:       199 |        278 |             django.core.files.base
import time:       181 |        459 |           django.core.files
import time:        70 |         70 |           django.core.files.locks
import time:        62 |         62 |           django.core.files.move
import time:        66 |         66 |           django.utils._os
import time:       179 |       4430 |         django.core.cache.backends.filebased
import time:       114 |       6056 |       django.core.checks.caches
import time:        76 |         76 |       django.core.checks.commands
import time:       151 |        151 |         django.core.checks.compatibility
import time:       244 |        394 |       django.core.checks.compatibility.django_4_0
import time:       308 |        308 |           django.db.utils
import time:       125 |        433 |         django.db
import time:      1201 |       1634 |       django.core.checks.database
import time:        82 |         82 |       django.core.checks.files
import time:       196 |        196 |       django.core.checks.model_checks
import time:        63 |         63 |         django.core.checks.security
import time:       281 |        344 |       django.core.checks.security.base
import time:        84 |         84 |       django.core.checks.security.csrf
import time:        79 |         79 |       django.core.checks.security.sessions
import time:        66 |         66 |       django.core.checks.templates
import time:       216 |        216 |               numbers
import time:       180 |        395 |             _decimal
import time:       340 |        735 |           decimal
import time:        57 |         57 |             termios
import time:        22 |         22 |             pywatchman
import time:       295 |        373 |           django.utils.autoreload
import time:       282 |       1389 |         django.utils.translation
import time:       246 |        246 |           django.conf.locale
import time:       115 |        115 |           django.utils.safestring
import time:       328 |        689 |         django.utils.translation.trans_real
import time:        94 |       2171 |       django.core.checks.translation
import time:        93 |         93 |       django.core.checks.urls
import time:       182 |      13034 |     django.core.checks
import time:       217 |        217 |       django.utils.termcolors
import time:        20 |         20 |       colorama
import time:        82 |        317 |     django.core.management.color
import time:       401 |      13751 |   django.core.management.base
import time:       278 |      48460 | django.core.management
import time:       336 |        336 |     celery.local
import time:       312 |        647 |   celery
import time:       168 |        168 |                 __future__
import time:       205 |        372 |               kombu
import time:       145 |        145 |               kombu.utils.collections
import time:        19 |         19 |                     _csv
import time:       279 |        297 |                   csv
import time:       161 |        161 |                   email
import time:       429 |        429 |                   zipfile
import time:       175 |        175 |                       quopri
import time:       473 |        473 |                           calendar
import time:       204 |        677 |                         email._parseaddr
import time:       155 |        155 |                           email.base64mime
import time:       229 |        229 |                           email.quoprimime
import time:       371 |        371 |                           email.errors
import time:       185 |        185 |                           email.encoders
import time:       209 |       1148 |                         email.charset
import time:       273 |       2097 |                       email.utils
import time:       240 |        240 |                         email.header
import time:       124 |        364 |                       email._policybase
import time:       108 |        108 |                       email._encoded_words
import time:       201 |        201 |                       email.iterators
import time:       361 |       3304 |                     email.message
import time:       141 |        141 |                       importlib.metadata._functools
import time:       254 |        394 |                     importlib.metadata._text
import time:       258 |       3955 |                   importlib.metadata._adapters
import time:       221 |        221 |                   importlib.metadata._meta
import time:       544 |        544 |                   importlib.metadata._collections
import time:        89 |         89 |                   importlib.metadata._itertools
import time:       167 |        167 |                           importlib.resources.abc
import time:       146 |        146 |                           importlib.resources._adapters
import time:       259 |        572 |                         importlib.resources._common
import time:       557 |        557 |                         importlib.resources._legacy
import time:       144 |       1271 |                       importlib.resources
import time:        10 |       1281 |                     importlib.resources.abc
import time:       274 |       1554 |                   importlib.abc
import time:       531 |       7777 |                 importlib.metadata
import time:       249 |        249 |                         amqp.exceptions
import time:       165 |        165 |                         amqp.spec
import time:       240 |        240 |                             vine.abstract
import time:       145 |        145 |                                 vine.utils
import time:       818 |        963 |                               vine.promises
import time:       200 |       1163 |                             vine.funtools
import time:        94 |         94 |                             vine.synchronization
import time:       213 |       1708 |                           vine
import time:        71 |       1778 |                         amqp.utils
import time:      1062 |       3254 |                       amqp.serialization
import time:       201 |       3454 |                     amqp.basic_message
import time:        89 |         89 |                       amqp.abstract_channel
import time:       313 |        313 |                       amqp.protocol
import time:       303 |        704 |                     amqp.channel
import time:        11 |         11 |                         _uuid
import time:       335 |        346 |                       uuid
import time:        21 |         21 |                         gssapi
import time:       181 |        202 |                       amqp.sasl
import time:        84 |         84 |                       amqp.method_framing
import time:       803 |        803 |                           platform
import time:       122 |        925 |                         amqp.platform
import time:       280 |       1204 |                       amqp.transport
import time:       917 |       2751 |                     amqp.connection
import time:       243 |       7152 |                   amqp
import time:       262 |       7413 |                 kombu.exceptions
import time:       273 |        273 |                             multiprocessing.process
import time:       237 |        237 |                             multiprocessing.reduction
import time:       353 |        863 |                           multiprocessing.context
import time:       192 |       1054 |                         multiprocessing
import time:       243 |       1297 |                       billiard.process
import time:        86 |         86 |                       billiard.exceptions
import time:       327 |       1709 |                     billiard.context
import time:       264 |       1972 |                   billiard
import time:       160 |        160 |                       cffi.lock
import time:       137 |        137 |                       cffi.error
import time:       334 |        334 |                       cffi.model
import time:       316 |        945 |                     cffi.api
import time:       177 |       1121 |                   cffi
import time:       272 |        272 |                   multiprocessing.util
import time:        18 |         18 |                     resource
import time:       196 |        214 |                   billiard.compat
import time:       170 |       3747 |                 billiard.util
import time:       179 |      19115 |               kombu.utils.compat
import time:        68 |         68 |                 kombu.utils.encoding
import time:        71 |        139 |               kombu.utils.div
import time:       195 |        195 |               kombu.utils.functional
import time:        66 |         66 |               kombu.utils.imports
import time:        71 |         71 |               kombu.utils.objects
import time:       131 |        131 |               kombu.utils.uuid
import time:       219 |      20450 |             kombu.utils
import time:         5 |      20454 |           kombu.utils.objects
import time:       441 |        441 |                 logging.handlers
import time:       174 |        614 |               kombu.log
import time:       252 |        252 |               celery.utils.term
import time:       205 |       1070 |             celery.utils.log
import time:       268 |       1337 |           celery.utils.functional
import time:        89 |         89 |           celery.utils.imports
import time:       104 |        104 |                   kombu.resource
import time:        83 |         83 |                   kombu.transport
import time:       201 |        201 |                   kombu.utils.url
import time:       346 |        732 |                 kombu.connection
import time:       125 |        857 |               kombu.abstract
import time:        18 |         18 |                         _json
import time:       703 |        721 |                       json.scanner
import time:       289 |       1009 |                     json.decoder
import time:       310 |        310 |                     json.encoder
import time:       208 |       1527 |                   json
import time:       101 |       1627 |                 kombu.utils.json
import time:       211 |        211 |                   yaml.error
import time:       227 |        227 |                   yaml.tokens
import time:       815 |        815 |                   yaml.events
import time:       153 |        153 |                   yaml.nodes
import time:      1617 |       1617 |                     yaml.reader
import time:       741 |        741 |                     yaml.scanner
import time:       268 |        268 |                     yaml.parser
import time:        85 |         85 |                     yaml.composer
import time:       597 |        597 |                     yaml.constructor
import time:       654 |        654 |                     yaml.resolver
import time:       150 |       4109 |                   yaml.loader
import time:       273 |        273 |                     yaml.emitter
import time:        81 |         81 |                     yaml.serializer
import time:       232 |        232 |                     yaml.representer
import time:       177 |        762 |                   yaml.dumper
import time:      1805 |       1805 |                     yaml._yaml
import time:       151 |       1956 |                   yaml.cyaml
import time:       252 |       8482 |                 yaml
import time:       203 |        203 |                   msgpack.exceptions
import time:      1058 |       1058 |                   msgpack.ext
import time:      1283 |       1283 |                   msgpack._cmsgpack
import time:       238 |       2781 |                 msgpack
import time:      5160 |      18049 |               kombu.serialization
import time:       467 |      19373 |             kombu.entity
import time:       380 |        380 |                 dataclasses
import time:       279 |        659 |               pprint
import time:       201 |        859 |             celery.utils.text
import time:       101 |      20332 |           celery.utils.nodenames
import time:       115 |      42325 |         celery.utils
import time:        23 |         23 |         greenlet
import time:       294 |      42641 |       celery.utils.threads
import time:       174 |      42814 |     celery._state
import time:       247 |        247 |               click._compat
import time:       145 |        145 |                 click.globals
import time:       243 |        243 |                 click.utils
import time:       283 |        670 |               click.exceptions
import time:       856 |       1772 |             click.types
import time:       209 |        209 |             click._utils
import time:       238 |        238 |               click.parser
import time:       151 |        389 |             click.formatting
import time:       260 |        260 |             click.termui
import time:       744 |       3372 |           click.core
import time:       254 |        254 |           click.decorators
import time:       284 |       3910 |         click
import time:         6 |       3915 |       click.exceptions
import time:       196 |        196 |           dateutil._version
import time:       184 |        379 |         dateutil
import time:       484 |        484 |           six
import time:        70 |         70 |           dateutil._common
import time:        12 |         12 |             six.moves
import time:       176 |        176 |             dateutil.tz._common
import time:       156 |        156 |             dateutil.tz._factories
import time:         7 |          7 |               six.moves.winreg
import time:       201 |        207 |             dateutil.tz.win
import time:       370 |        920 |           dateutil.tz.tz
import time:       832 |       2304 |         dateutil.parser._parser
import time:       223 |        223 |         dateutil.parser.isoparser
import time:      1018 |       3923 |       dateutil.parser
import time:       131 |        131 |           kombu.common
import time:        22 |         22 |             brotli
import time:      1470 |       1470 |               zstandard.backend_c
import time:       203 |       1673 |             zstandard
import time:       157 |       1851 |           kombu.compression
import time:       509 |       2490 |         kombu.messaging
import time:       200 |       2690 |       kombu.pools
import time:       234 |        234 |       kombu.clocks
import time:       195 |        195 |       kombu.transport.native_delayed_delivery
import time:        21 |         21 |             cPickle
import time:       200 |        221 |           celery.utils.serialization
import time:       322 |        542 |         celery.exceptions
import time:       961 |       1503 |       celery.platforms
import time:       312 |        312 |                       sysconfig
import time:       322 |        322 |                       _sysconfigdata__darwin_darwin
import time:       266 |        266 |                       _osx_support
import time:       429 |       1328 |                     zoneinfo._tzpath
import time:       165 |        165 |                     zoneinfo._common
import time:        19 |         19 |                     _zoneinfo
import time:       169 |       1680 |                   zoneinfo
import time:       225 |        225 |                     tzlocal.windows_tz
import time:        81 |        305 |                   tzlocal.utils
import time:       183 |       2167 |                 tzlocal.unix
import time:       177 |       2343 |               tzlocal
import time:       255 |       2597 |             celery.utils.time
import time:       233 |       2830 |           celery.utils.dispatch.signal
import time:       155 |       2984 |         celery.utils.dispatch
import time:        97 |       3080 |       celery.signals
import time:       110 |        110 |       celery.loaders
import time:       106 |        106 |       celery.utils.abstract
import time:        55 |         55 |         __pypy__
import time:       320 |        375 |       celery.utils.collections
import time:        77 |         77 |       celery.utils.objects
import time:       109 |        109 |       celery.utils.annotations
import time:       130 |        130 |       celery.utils.quorum_queues
import time:      1033 |       1033 |       celery.app.backends
import time:       207 |        207 |       celery.app.builtins
import time:       113 |        113 |       celery.app.annotations
import time:       152 |        152 |       celery.app.autoretry
import time:      1614 |       1614 |       celery.app.defaults
import time:       102 |        102 |       celery.app.registry
import time:       331 |        331 |       celery.app.utils
import time:       559 |      20550 |     celery.app.base
import time:       214 |      63577 |   celery.app
import time:       312 |        312 |   celery.schedules
import time:       368 |        368 |         celery.utils.graph
import time:        21 |         21 |         greenlet
import time:       308 |        696 |       celery.bootsteps
import time:       111 |        111 |       celery.concurrency
import time:       214 |        214 |         shelve
import time:       182 |        395 |       celery.worker.state
import time:       284 |       1485 |     celery.worker.worker
import time:       157 |       1641 |   celery.worker
import time:       256 |        256 |   celery.loaders.base
import time:      1002 |      67434 | config.celery
import time:       172 |        172 |     certifi.core
import time:       156 |        327 |   certifi
import time:       485 |        485 |     fractions
import time:        14 |         14 |       six.moves.urllib
import time:        15 |         29 |     six.moves.urllib.parse
import time:       333 |        333 |           http
import time:       297 |        297 |             email.feedparser
import time:       163 |        459 |           email.parser
import time:       539 |       1330 |         http.client
import time:       352 |       1681 |       urllib3.exceptions
import time:       201 |        201 |               urllib3.util.timeout
import time:       217 |        417 |             urllib3.util.connection
import time:       755 |        755 |               urllib3.util.util
import time:        27 |         27 |               brotlicffi
import time:        20 |         20 |               brotli
import time:        19 |         19 |               backports
import time:       263 |       1082 |             urllib3.util.request
import time:       194 |        194 |             urllib3.util.response
import time:      1870 |       1870 |             urllib3.util.retry
import time:       228 |        228 |               hmac
import time:      2259 |       2259 |               urllib3.util.url
import time:       163 |        163 |               urllib3.util.ssltransport
import time:       275 |       2923 |             urllib3.util.ssl_
import time:        75 |         75 |             urllib3.util.wait
import time:       168 |       6725 |           urllib3.util
import time:         6 |       6731 |         urllib3.util.connection
import time:       329 |       7060 |       urllib3._base_connection
import time:       373 |        373 |       urllib3._collections
import time:        89 |         89 |       urllib3._version
import time:        24 |         24 |                 _winapi
import time:        19 |         19 |                 winreg
import time:       278 |        319 |               mimetypes
import time:       864 |       1183 |             urllib3.fields
import time:       157 |       1339 |           urllib3.filepost
import time:        21 |         21 |             brotlicffi
import time:        18 |         18 |             brotli
import time:       110 |        110 |               urllib3.http2
import time:       169 |        169 |               urllib3.http2.probe
import time:       186 |        186 |               urllib3.util.ssl_match_hostname
import time:       456 |        919 |             urllib3.connection
import time:        23 |         23 |             backports
import time:       336 |       1315 |           urllib3.response
import time:       108 |       2762 |         urllib3._request_methods
import time:       314 |        314 |         urllib3.util.proxy
import time:       292 |       3367 |       urllib3.connectionpool
import time:       438 |        438 |       urllib3.poolmanager
import time:       224 |      13230 |     urllib3
import time:        84 |         84 |     cloudinary.auth_token
import time:       111 |        111 |       cloudinary.api_client
import time:       203 |        314 |     cloudinary.api_client.tcp_keep_alive_manager
import time:       141 |        141 |     cloudinary.compat
import time:      1479 |      15758 |   cloudinary.utils
import time:       868 |        868 |   cloudinary.exceptions
import time:        97 |         97 |   cloudinary.cache
import time:        60 |         60 |       cloudinary.cache.adapter
import time:        98 |        157 |     cloudinary.cache.adapter.cache_adapter
import time:       115 |        272 |   cloudinary.cache.responsive_breakpoints_cache
import time:       132 |        132 |   cloudinary.http_client
import time:       173 |        173 |       importlib.resources._itertools
import time:       214 |        387 |     importlib.resources.readers
import time:       154 |        540 |   importlib.readers
import time:       163 |        163 |         xml
import time:       178 |        341 |       xml.parsers
import time:        81 |         81 |       pyexpat
import time:       199 |        619 |     xml.parsers.expat
import time:       747 |       1366 |   plistlib
import time:       770 |        770 |       cloudinary.api_client.execute_request
import time:       278 |       1048 |     cloudinary.api_client.call_api
import time:       239 |       1287 |   cloudinary.search
import time:       177 |        177 |   cloudinary.search_folders
import time:      9320 |      30139 | cloudinary
import time:       207 |        207 |     urllib3.contrib
import time:        54 |        260 |   urllib3.contrib.appengine
import time:       262 |        522 | cloudinary.uploader
import time:       671 |        671 |     dotenv.parser
import time:       148 |        148 |     dotenv.variables
import time:       397 |       1215 |   dotenv.main
import time:       773 |       1988 | dotenv
import time:       662 |        662 | django.contrib.admin.decorators
import time:        94 |         94 |   django.contrib.admin.exceptions
import time:       226 |        226 |                       django.template.context
import time:        19 |         19 |                         unicodedata
import time:       150 |        150 |                           django.utils.dates
import time:       204 |        204 |                           django.utils.timezone
import time:       205 |        558 |                         django.utils.dateformat
import time:       104 |        104 |                         django.utils.numberformat
import time:       244 |        923 |                       django.utils.formats
import time:       616 |        616 |                           html.entities
import time:       344 |        960 |                         html
import time:       374 |        374 |                           _markupbase
import time:      1068 |       1442 |                         html.parser
import time:       160 |        160 |                           django.utils.deconstruct
import time:       326 |        326 |                             django.utils.datastructures
import time:       159 |        485 |                           django.utils.http
import time:        75 |         75 |                           django.utils.ipv6
import time:       938 |       1655 |                         django.core.validators
import time:       294 |        294 |                           gzip
import time:       177 |        177 |                           secrets
import time:       427 |        897 |                         django.utils.text
import time:       382 |       5335 |                       django.utils.html
import time:        89 |         89 |                       django.template.exceptions
import time:       686 |       7259 |                     django.template.base
import time:       190 |        190 |                     django.template.library
import time:       268 |       7716 |                   django.template.engine
import time:       231 |        231 |                   django.template.utils
import time:        76 |         76 |                       django.template.backends
import time:        79 |         79 |                       django.template.backends.base
import time:       227 |        382 |                     django.template.backends.django
import time:       171 |        552 |                   django.template.autoreload
import time:       182 |       8680 |                 django.template
import time:         4 |       8683 |               django.template.backends
import time:        10 |       8692 |             django.template.backends.django
import time:        72 |         72 |             django.template.loader
import time:       202 |       8966 |           django.forms.renderers
import time:       264 |       9230 |         django.forms.utils
import time:       176 |        176 |           graphlib
import time:       134 |        134 |             django.templatetags
import time:       260 |        260 |             django.utils.encoding
import time:       177 |        570 |           django.templatetags.static
import time:       181 |        181 |           django.utils.choices
import time:       475 |       1401 |         django.forms.widgets
import time:       280 |      10909 |       django.forms.boundfield
import time:       175 |        175 |         django.utils.dateparse
import time:       496 |        496 |         django.utils.duration
import time:       631 |       1301 |       django.forms.fields
import time:       251 |        251 |       django.forms.forms
import time:       382 |        382 |       django.forms.formsets
import time:        69 |         69 |               django.db.models.utils
import time:       403 |        472 |             django.db.models.signals
import time:       200 |        200 |                   django.db.models.constants
import time:       206 |        206 |                     django.db.transaction
import time:        85 |         85 |                     django.utils.tree
import time:       261 |        551 |                   django.db.models.query_utils
import time:       682 |       1432 |                 django.db.models.fields
import time:       245 |        245 |                 django.db.models.enums
import time:       809 |       2486 |               django.db.models.expressions
import time:       289 |        289 |                 django.db.models.functions.comparison
import time:       159 |        159 |                         django.db.backends
import time:        97 |        256 |                       django.db.backends.base
import time:       114 |        114 |                           sqlparse.exceptions
import time:       212 |        325 |                         sqlparse.cli
import time:        80 |         80 |                               sqlparse.tokens
import time:       164 |        164 |                               sqlparse.utils
import time:       237 |        480 |                             sqlparse.sql
import time:       162 |        642 |                           sqlparse.engine.grouping
import time:       440 |        440 |                               sqlparse.keywords
import time:        86 |        525 |                             sqlparse.lexer
import time:       222 |        222 |                             sqlparse.engine.statement_splitter
import time:       214 |        214 |                               sqlparse.filters.aligned_indent
import time:       200 |        200 |                               sqlparse.filters.others
import time:       194 |        194 |                               sqlparse.filters.output
import time:       214 |        214 |                               sqlparse.filters.reindent
import time:       157 |        157 |                               sqlparse.filters.right_margin
import time:       201 |        201 |                               sqlparse.filters.tokens
import time:       101 |       1279 |                             sqlparse.filters
import time:       115 |       2140 |                           sqlparse.engine.filter_stack
import time:        73 |       2853 |                         sqlparse.engine
import time:        72 |         72 |                         sqlparse.formatter
import time:       126 |       3375 |                       sqlparse
import time:       184 |       3814 |                     django.db.backends.base.operations
import time:       514 |       4327 |                   django.db.models.lookups
import time:       279 |       4606 |                 django.db.models.functions.datetime
import time:       223 |        223 |                     django.db.models.fields.mixins
import time:       539 |        761 |                   django.db.models.fields.json
import time:       214 |        975 |                 django.db.models.functions.json
import time:       126 |        126 |                   django.db.models.functions.mixins
import time:       213 |        338 |                 django.db.models.functions.math
import time:       392 |        392 |                 django.db.models.functions.text
import time:       146 |        146 |                 django.db.models.functions.window
import time:       137 |       6882 |               django.db.models.functions
import time:       318 |       9684 |             django.db.models.aggregates
import time:       328 |        328 |                 django.db.backends.utils
import time:        63 |         63 |                     django.db.models.sql.constants
import time:        99 |         99 |                     django.db.models.sql.datastructures
import time:       407 |        407 |                     django.db.models.sql.where
import time:       501 |       1069 |                   django.db.models.sql.query
import time:       103 |        103 |                   django.db.models.sql.subqueries
import time:        74 |       1246 |                 django.db.models.sql
import time:       202 |       1775 |               django.db.models.indexes
import time:       291 |       2065 |             django.db.models.constraints
import time:       131 |        131 |             django.db.models.deletion
import time:      4604 |       4604 |               django.db.models.fields.tuple_lookups
import time:       140 |       4743 |             django.db.models.fields.composite
import time:       111 |        111 |               django.core.files.images
import time:       180 |        180 |                   django.utils.crypto
import time:       163 |        342 |                 django.core.files.storage.base
import time:        73 |         73 |                   django.core.files.storage.mixins
import time:       237 |        309 |                 django.core.files.storage.filesystem
import time:        82 |         82 |                 django.core.files.storage.handler
import time:       165 |        165 |                 django.core.files.storage.memory
import time:       113 |       1009 |               django.core.files.storage
import time:       276 |       1395 |             django.db.models.fields.files
import time:        97 |         97 |             django.db.models.fields.generated
import time:        82 |         82 |             django.db.models.fields.proxy
import time:       476 |        476 |               django.db.models.query
import time:       239 |        715 |             django.db.models.manager
import time:       302 |        302 |                 django.db.models.fields.related_descriptors
import time:       120 |        120 |                 django.db.models.fields.related_lookups
import time:       225 |        225 |                 django.db.models.fields.reverse_related
import time:       423 |       1068 |               django.db.models.fields.related
import time:       231 |        231 |               django.db.models.options
import time:       445 |       1743 |             django.db.models.base
import time:       145 |      21266 |           django.db.models
import time:        12 |      21278 |         django.db.models.utils
import time:       460 |      21738 |       django.forms.models
import time:        95 |      34674 |     django.forms
import time:        65 |         65 |         django.contrib.messages.constants
import time:        66 |         66 |         django.contrib.messages.storage
import time:       120 |        251 |       django.contrib.messages.api
import time:        63 |         63 |         django.contrib.messages.utils
import time:       230 |        292 |       django.contrib.messages.storage.base
import time:        89 |        630 |     django.contrib.messages
import time:       624 |        624 |                 http.cookies
import time:       135 |        758 |               django.http.cookie
import time:       210 |        210 |                 django.core.signing
import time:        66 |         66 |                     django.core.files.temp
import time:       207 |        273 |                   django.core.files.uploadedfile
import time:       190 |        462 |                 django.core.files.uploadhandler
import time:       208 |        208 |                 django.http.multipartparser
import time:       380 |       1260 |               django.http.request
import time:       318 |        318 |                     django.core.serializers.base
import time:       164 |        482 |                   django.core.serializers
import time:       216 |        216 |                   django.core.serializers.python
import time:       109 |        807 |                 django.core.serializers.json
import time:       337 |       1143 |               django.http.response
import time:        93 |       3252 |             django.http
import time:        77 |         77 |             django.urls.exceptions
import time:       102 |        102 |               django.urls.converters
import time:        70 |         70 |               django.urls.utils
import time:       330 |        501 |             django.urls.resolvers
import time:       239 |       4068 |           django.urls.base
import time:        77 |         77 |           django.urls.conf
import time:       116 |       4260 |         django.urls
import time:       233 |       4493 |       django.contrib.admin.utils
import time:       597 |        597 |         django.utils.timesince
import time:       328 |        924 |       django.template.defaultfilters
import time:       351 |       5767 |     django.contrib.admin.helpers
import time:       460 |        460 |     django.contrib.admin.widgets
import time:       335 |        335 |     django.contrib.admin.checks
import time:        66 |         66 |       django.contrib.admin.templatetags
import time:       153 |        219 |     django.contrib.admin.templatetags.admin_urls
import time:        66 |         66 |         django.middleware
import time:       368 |        368 |               socketserver
import time:       588 |        955 |             logging.config
import time:       267 |        267 |                 email.generator
import time:       817 |        817 |                   email._header_value_parser
import time:       310 |       1126 |                 email.headerregistry
import time:       195 |        195 |                   email.mime
import time:       220 |        220 |                     email.contentmanager
import time:       460 |        679 |                   email.policy
import time:       168 |       1041 |                 email.mime.base
import time:        66 |         66 |                   email.mime.nonmultipart
import time:        75 |        141 |                 email.mime.message
import time:        64 |         64 |                 email.mime.multipart
import time:        61 |         61 |                 email.mime.text
import time:       165 |        165 |                 django.core.mail.utils
import time:       449 |       3310 |               django.core.mail.message
import time:       120 |       3429 |             django.core.mail
import time:       239 |       4622 |           django.utils.log
import time:       172 |       4794 |         django.utils.cache
import time:       226 |       5084 |       django.middleware.csrf
import time:       246 |        246 |                   django.template.response
import time:       185 |        185 |                   django.utils.decorators
import time:       291 |        721 |                 django.views.generic.base
import time:       229 |        229 |                   django.views.generic.detail
import time:       292 |        292 |                     django.core.paginator
import time:       365 |        656 |                   django.views.generic.list
import time:       409 |       1293 |                 django.views.generic.dates
import time:       349 |        349 |                 django.views.generic.edit
import time:       806 |       3167 |               django.views.generic
import time:         5 |       3172 |             django.views.generic.base
import time:       244 |       3415 |           django.views
import time:        74 |       3489 |         django.views.decorators
import time:       480 |       3969 |       django.views.decorators.debug
import time:       121 |        121 |       django.contrib.auth.signals
import time:       200 |       9372 |     django.contrib.auth
import time:        85 |         85 |     django.views.decorators.csrf
import time:       626 |      52164 |   django.contrib.admin.options
import time:       322 |      52579 | django.contrib.admin.filters
import time:        79 |         79 |   django.contrib.admin.actions
import time:        62 |         62 |     django.contrib.admin.views
import time:       213 |        275 |   django.contrib.admin.views.autocomplete
import time:       559 |        559 |     django.shortcuts
import time:       214 |        773 |   django.contrib.auth.decorators
import time:       212 |        212 |     django.middleware.cache
import time:        91 |        302 |   django.views.decorators.cache
import time:       118 |        118 |   django.views.decorators.common
import time:       147 |        147 |   django.views.i18n
import time:       337 |       2029 | django.contrib.admin.sites
import time:       110 |        110 |       django_filters.exceptions
import time:       236 |        345 |     django_filters.utils
import time:       247 |        592 |   django_filters.conf
import time:       207 |        207 |   django_filters.constants
import time:       278 |        278 |     django_filters.widgets
import time:      1071 |       1348 |   django_filters.fields
import time:       442 |       2588 | django_filters.filters
import time:       178 |        178 | django_filters.filterset
import time:        29 |         29 |       crispy_forms
import time:        77 |        105 |     django_filters.compat
import time:        99 |         99 |       django_filters.rest_framework.filters
import time:       527 |        625 |     django_filters.rest_framework.filterset
import time:       240 |        969 |   django_filters.rest_framework.backends
import time:        78 |       1047 | django_filters.rest_framework
import time:       200 |        200 |   django.utils.lorem_ipsum
import time:       233 |        233 |   django.template.smartif
import time:       504 |        937 | django.template.defaulttags
Traceback (most recent call last):
  File "/Users/anshusaha/Documents/Compus management system/src/manage.py", line 22, in <module>
    main()
  File "/Users/anshusaha/Documents/Compus management system/src/manage.py", line 18, in main
    execute_from_command_line(sys.argv)
  File "/Users/anshusaha/Documents/Compus management system/.venv/lib/python3.11/site-packages/django/core/management/__init__.py", line 442, in execute_from_command_line
    utility.execute()
  File "/Users/anshusaha/Documents/Compus management system/.venv/lib/python3.11/site-packages/django/core/management/__init__.py", line 416, in execute
    django.setup()
  File "/Users/anshusaha/Documents/Compus management system/.venv/lib/python3.11/site-packages/django/__init__.py", line 24, in setup
  File "/Users/anshusaha/Documents/Compus management system/.venv/lib/python3.11/site-packages/django/apps/registry.py", line 91, in populate
    app_config = AppConfig.create(entry)
                 ^^^^^^^^^^^^^^^^^^^^^^^
  File "/Users/anshusaha/Documents/Compus management system/.venv/lib/python3.11/site-packages/django/apps/config.py", line 123, in create
    mod = import_module(mod_path)
          ^^^^^^^^^^^^^^^^^^^^^^^
  File "/Users/anshusaha/.local/share/uv/python/cpython-3.11.15-macos-aarch64-none/lib/python3.11/importlib/__init__.py", line 126, in import_module
    return _bootstrap._gcd_import(name[level:], package, level)
           ^^^^^^^^^^^^^^^^^^^^^^^^^^^^^^^^^^^^^^^^^^^^^^^^^^^^
  File "<frozen importlib._bootstrap>", line 1204, in _gcd_import
  File "<frozen importlib._bootstrap>", line 1176, in _find_and_load
  File "<frozen importlib._bootstrap>", line 1147, in _find_and_load_unlocked
  File "<frozen importlib._bootstrap>", line 690, in _load_unlocked
  File "<frozen importlib._bootstrap_external>", line 936, in exec_module
  File "<frozen importlib._bootstrap_external>", line 1032, in get_code
  File "<frozen importlib._bootstrap_external>", line 1131, in get_data
KeyboardInterrupt
import time:       212 |        212 | gc
